// Jest Snapshot v1, https://goo.gl/fbAQLP

exports[`<CardItem/> Should render component 1`] = `ReactWrapper {}`;
