// Jest Snapshot v1, https://goo.gl/fbAQLP

exports[`<NavBar/> Should render component 1`] = `ShallowWrapper {}`;
