// Jest Snapshot v1, https://goo.gl/fbAQLP

exports[`<AutoComplete/> Should render component 1`] = `ShallowWrapper {}`;
