// Jest Snapshot v1, https://goo.gl/fbAQLP

exports[`<Spinner/> Should render component 1`] = `ShallowWrapper {}`;
